// Jest Snapshot v1, https://goo.gl/fbAQLP

exports[`<Home /> should render and match the snapshot 1`] = `
<h1>
  <span>
    This is the Home container!
  </span>
</h1>
`;
