// Jest Snapshot v1, https://goo.gl/fbAQLP

exports[`<NotFound /> should render and match the snapshot 1`] = `
<h1>
  <span>
    This is the NotFound container!
  </span>
</h1>
`;
